// Jest Snapshot v1, https://goo.gl/fbAQLP

exports[`Question Render renders without error 1`] = `
<div
  className="question flex p-1 flex-column"
>
  <div
    className="question-body flex"
  >
    <div
      className="avatar bg-black"
    >
      <p />
    </div>
    <div
      className="question-details"
    >
      <div
        className="question-content"
      >
        <div
          className="upper-details flex space-between text-bold"
        >
          <p
            className="question-user"
          >
            <Link
              className="text-black"
              to="#"
            >
               
            </Link>
          </p>
          <p
            className="text-light question-time"
          >
            <i
              className="fa fa-clock-o"
            />
            a few seconds ago
          </p>
        </div>
        <p
          className="text-light mt-1"
        />
      </div>
      <div
        className="question-stats flex space-between mt-1"
      >
        <p
          className="comment text-light"
        >
          <i
            className="fa fa-reply"
          />
          0
        </p>
        <p
          className="like text-light upvote"
          onClick={[Function]}
        >
          <i
            className="fa fa-thumbs-o-up"
          />
          <span />
        </p>
        <p
          className="dislike text-light"
          onClick={[Function]}
        >
          <i
            className="fa fa-thumbs-o-down"
          />
          <span />
        </p>
      </div>
    </div>
  </div>
  <ConnectFunction />
</div>
`;
