// Jest Snapshot v1, https://goo.gl/fbAQLP

exports[`Comments renders without errors 1`] = `
<div
  className="question-comments"
>
  <div
    className="new-comment"
  >
    <form
      action=""
      className="flex flex-column"
      id="comment-form"
      onSubmit={[Function]}
    >
      <div
        className="form-group"
      >
        <textarea
          className="form-control"
          id="comment"
          name="comment"
          onChange={[Function]}
          placeholder="Your comment"
          required={true}
          value=""
        />
      </div>
      <button
        className="btn-primary p-1 shadow"
      >
        post
      </button>
    </form>
  </div>
</div>
`;
