// Jest Snapshot v1, https://goo.gl/fbAQLP

exports[`Questions renders without errors 1`] = `
<Fragment>
  <div
    className="new-question"
  >
    <form
      className="flex flex-column"
      id="question-form"
      onSubmit={[Function]}
    >
      <div
        className="form-group"
      >
        <textarea
          className="form-control"
          id="question"
          name="question"
          onChange={[Function]}
          placeholder="Your Question"
          required={true}
          value=""
        />
      </div>
      <button
        className="btn-primary p-1 shadow"
      >
        post
      </button>
    </form>
  </div>
</Fragment>
`;
