// Jest Snapshot v1, https://goo.gl/fbAQLP

exports[`App Render renders without error 1`] = `
<Switch>
  <Route
    component={
      Object {
        "$$typeof": Symbol(react.memo),
        "WrappedComponent": [Function],
        "compare": null,
        "displayName": "Connect(HomePage)",
        "type": [Function],
      }
    }
    exact={true}
    path="/"
  />
  <ConnectFunction
    component={
      Object {
        "$$typeof": Symbol(react.memo),
        "WrappedComponent": [Function],
        "compare": null,
        "displayName": "Connect(Signup)",
        "type": [Function],
      }
    }
    path="/signup"
  />
  <ConnectFunction
    component={
      Object {
        "$$typeof": Symbol(react.memo),
        "WrappedComponent": [Function],
        "compare": null,
        "displayName": "Connect(Login)",
        "type": [Function],
      }
    }
    path="/login"
  />
  <withRouter(AdminWrapper)
    component={
      Object {
        "$$typeof": Symbol(react.memo),
        "WrappedComponent": [Function],
        "compare": null,
        "displayName": "Connect(NewMeetup)",
        "type": [Function],
      }
    }
    path="/organize"
  />
  <Route
    component={
      Object {
        "$$typeof": Symbol(react.memo),
        "WrappedComponent": [Function],
        "compare": null,
        "displayName": "Connect(SingleMeetup)",
        "type": [Function],
      }
    }
    exact={true}
    path="/meetup=:meetupId"
  />
</Switch>
`;
