// Jest Snapshot v1, https://goo.gl/fbAQLP

exports[`Custom Search renders without errors 1`] = `
<Layout>
  <div
    className="container"
  >
    <div
      className="shadow"
      data-test="login-form"
      id="registration-form"
    >
      <form
        className="form"
        onSubmit={[Function]}
      >
        <p
          className="form-header"
        >
          Welcome! Login here
        </p>
        <div
          className="form-group"
        >
          <input
            className="form-control"
            id="email"
            name="email"
            onChange={[Function]}
            placeholder="Email Address"
            required={true}
            type="email"
            value=""
          />
        </div>
        <div
          className="form-group"
        >
          <input
            className="form-control"
            id="password"
            name="password"
            onChange={[Function]}
            placeholder="Password"
            required={true}
            type="password"
            value=""
          />
        </div>
        <div
          className="form-group"
        >
          <button
            className="form-control btn-primary shadow"
            data-test="submit-button"
          >
            Sign up
          </button>
        </div>
      </form>
      <p
        className="form-footer"
      >
        <span>
          Don't have an account? 
        </span>
        <Link
          className="form-link text-primary"
          to="/signup"
        >
          Sign up
        </Link>
      </p>
    </div>
  </div>
</Layout>
`;
